// Jest Snapshot v1, https://goo.gl/fbAQLP

exports[`<SortableItem /> should match the sanpshot 1`] = `<Component />`;
