// Jest Snapshot v1, https://goo.gl/fbAQLP

exports[`<FileUpload /> should match the snapshot 1`] = `
<styled.div>
  <styled.div>
    <span>
      Upload file
    </span>
    <input
      accept=".csv"
      onChange={[Function]}
      type="file"
    />
  </styled.div>
  <div />
</styled.div>
`;
